// Jest Snapshot v1, https://goo.gl/fbAQLP

exports[`Should Render TodoAddForm renders correctly 1`] = `
<div
  className="form-group"
>
  <label
    htmlFor="todoInput"
  >
    Please input
  </label>
  <input
    className="form-control"
    id="todoInput"
    onChange={[Function]}
    onKeyPress={[Function]}
    placeholder="Please input"
    type="text"
    value=""
  />
</div>
`;
